------------------------------------------------------------
Timing Analyzer Summary
------------------------------------------------------------

Type  : Slow 1100mV 85C Model Setup 'clk'
Slack : 20826.244
TNS   : 0.000

Type  : Slow 1100mV 85C Model Hold 'clk'
Slack : 0.377
TNS   : 0.000

Type  : Slow 1100mV 85C Model Minimum Pulse Width 'clk'
Slack : 10415.611
TNS   : 0.000

Type  : Slow 1100mV 0C Model Setup 'clk'
Slack : 20826.511
TNS   : 0.000

Type  : Slow 1100mV 0C Model Hold 'clk'
Slack : 0.379
TNS   : 0.000

Type  : Slow 1100mV 0C Model Minimum Pulse Width 'clk'
Slack : 10415.623
TNS   : 0.000

Type  : Fast 1100mV 85C Model Setup 'clk'
Slack : 20828.313
TNS   : 0.000

Type  : Fast 1100mV 85C Model Hold 'clk'
Slack : 0.183
TNS   : 0.000

Type  : Fast 1100mV 85C Model Minimum Pulse Width 'clk'
Slack : 10415.630
TNS   : 0.000

Type  : Fast 1100mV 0C Model Setup 'clk'
Slack : 20828.847
TNS   : 0.000

Type  : Fast 1100mV 0C Model Hold 'clk'
Slack : 0.174
TNS   : 0.000

Type  : Fast 1100mV 0C Model Minimum Pulse Width 'clk'
Slack : 10415.638
TNS   : 0.000

------------------------------------------------------------
